<html>
<body>
<pre>
<h1>µVision Build Log</h1>
<h2>Project:</h2>
C:\kneron_work\VJonSTM32\Project\MDK-ARM\Project.uvproj
Project File Date:  02/08/2018

<h2>Output:</h2>
Build target 'STM324xG-EVAL'
linking...
Program Size: Code=307504 RO-data=378252 RW-data=3056 ZI-data=123692  
FromELF: creating hex file...
".\STM324xG-EVAL\STM324xG-EVAL.axf" - 0 Error(s), 0 Warning(s).
</pre>
</body>
</html>
RTC_TimeStructure" was declared but never referenced
      RTC_TimeTypeDef   RTC_TimeStructure;
..\Modules\Camera\app_camera.c(84): warning:  #177-D: variable "RTC_DateStructure" was declared but never referenced
      RTC_DateTypeDef   RTC_DateStructure;
..\Modules\Camera\app_camera.c(85): warning:  #177-D: variable "Index" was declared but never referenced
      uint32_t i = 0,j = 0, Index;
..\Modules\Camera\app_camera.c(87): warning:  #177-D: variable "file" was declared but never referenced
      FIL file;
..\Modules\Camera\app_camera.c: 5 warnings, 0 errors
linking...
Program Size: Code=307504 RO-data=378252 RW-data=3056 ZI-data=123692  
FromELF: creating hex file...
".\STM324xG-EVAL\STM324xG-EVAL.axf" - 0 Error(s), 5 Warning(s).
  #1295-D: Deprecated declaration deinit_object_detection - give arg types
  void deinit_object_detection();
..\Modules\Camera\mod_camera.c: 2 warnings, 0 errors
linking...
Program Size: Code=307504 RO-data=378252 RW-data=3056 ZI-data=123692  
FromELF: creating hex file...
".\STM324xG-EVAL\STM324xG-EVAL.axf" - 0 Error(s), 7 Warning(s).
Load "C:\\kneron_work\\VJonSTM32\\Project\\MDK-ARM\\STM324xG-EVAL\\STM324xG-EVAL.axf" 
Set JLink Project File to "C:\kneron_work\VJonSTM32\Project\MDK-ARM\JLinkSettings.ini"
* JLink Info: Device "STM32F407ZG" selected (1024 KB flash, 128 KB RAM).
 
JLink info:
------------
DLL: V4.80g, compiled Feb 13 2014 20:50:02
Firmware: J-Link ARM V8 compiled Jan 31 2018 18:34:52
Hardware: V8.00
S/N : 20080643 
Feature(s) : RDI,FlashDL,FlashBP,JFlash,GDBFull 
 
* JLink Info: TotalIRLen = 9, IRPrint = 0x0011
* JLink Info: TotalIRLen = 9, IRPrint = 0x0011
* JLink Info: Found Cortex-M4 r0p1, Little endian.
* JLink Info: FPUnit: 6 code (BP) slots and 2 literal slots
* JLink Info: TPIU fitted.
* JLink Info: ETM fitted.
ROMTableAddr = 0xE00FF003
 
Target info:
------------
Device: STM32F407ZG
VTarget = 3.313V
State of Pins: 
TCK: 1, TDI: 0, TDO: 1, TMS: 0, TRES: 1, TRST: 1
Hardware-Breakpoints: 6
Software-Breakpoints: 8192
Watchpoints:          4
JTAG speed: 2000 kHz
 
Erase Done.
Programming Done.
Verify OK.
Application running ...
cision
                windowSizeHeight = (uint32_t)((FACE_MODEL_Y_SIZE * sFactor) + 0.5);
..\vjc\ObjDetectorC.c(572): warning:  #1035-D: single-precision operand implicitly converted to double-precision
                scaleImgWidth = (uint32_t)((srcWidth * (1/sFactor)) + 0.5);
..\vjc\ObjDetectorC.c(573): warning:  #1035-D: single-precision operand implicitly converted to double-precision
                scaleImgHeight = (uint32_t)((srcHeight * (1/sFactor)) + 0.5);
..\vjc\ObjDetectorC.c(600): warning:  #68-D: integer conversion resulted in a change of sign
                sumStride = (sumStride + 16 - 1) & -16;
..\vjc\ObjDetectorC.c(623): warning:  #1035-D: single-precision operand implicitly converted to double-precision
                stepSize = sFactor > 2. ? 1 : stepSize;// stepSize = 2
..\vjc\ObjDetectorC.c(633): warning:  #1035-D: single-precision operand implicitly converted to double-precision
                                        cf.topx = (uint32_t)((x*sFactor) + 0.5);
..\vjc\ObjDetectorC.c(634): warning:  #1035-D: single-precision operand implicitly converted to double-precision
                                        cf.topy = (uint32_t)((y*sFactor) + 0.5);
..\vjc\ObjDetectorC.c(527): warning:  #177-D: variable "fW" was declared but never referenced
        uint32_t x, y, fi, offset, minFaceSize, maxFaceSizeWidth, maxFaceSizeHeight, fX, fY, fW, fH, stepSize;
..\vjc\ObjDetectorC.c(528): warning:  #177-D: variable "maskStride" was declared but never referenced
        uint32_t nCandidate, scaleImgStride, maskStride, sumStride;
..\vjc\ObjDetectorC.c(530): warning:  #177-D: variable "mask" was declared but never referenced
        uint8_t *scaleImg = NULL, *mask = NULL, *srcHisteq = NULL;
..\vjc\ObjDetectorC.c(538): warning:  #177-D: variable "foundCandidate" was declared but never referenced
        uint32_t foundCandidate;
..\vjc\ObjDetectorC.c(700): warning:  #1035-D: single-precision operand implicitly converted to double-precision
                        ptr_[j] = (uint8_t)(((fConversion * histogram[(uint32_t)(ptr[j])])) + 0.5);
..\vjc\ObjDetectorC.c(812): warning:  #177-D: variable "raster2" was declared but never referenced
        uint16_t *raster2 = (uint16_t*)(((uint32_t)(&raster[srcWidth]) + 31) & ~31);
..\vjc\ObjDetectorC.c(874): warning:  #1-D: last line of file ends without a newline
   
..\vjc\ObjDetectorC.c: 29 warnings, 0 errors
linking...
Program Size: Code=307576 RO-data=378252 RW-data=3056 ZI-data=123692  
FromELF: creating hex file...
".\STM324xG-EVAL\STM324xG-EVAL.axf" - 0 Error(s), 29 Warning(s).
ogram[(uint32_t)(ptr[j])])) + 0.5);
..\vjc\ObjDetectorC.c(813): warning:  #177-D: variable "raster2" was declared but never referenced
        uint16_t *raster2 = (uint16_t*)(((uint32_t)(&raster[srcWidth]) + 31) & ~31);
..\vjc\ObjDetectorC.c(875): warning:  #1-D: last line of file ends without a newline
   
..\vjc\ObjDetectorC.c: 29 warnings, 0 errors
linking...
Program Size: Code=307544 RO-data=378252 RW-data=3056 ZI-data=123692  
FromELF: creating hex file...
".\STM324xG-EVAL\STM324xG-EVAL.axf" - 0 Error(s), 32 Warning(s).
declared but never referenced
        uint32_t foundCandidate;
..\vjc\ObjDetectorC.c(700): warning:  #1035-D: single-precision operand implicitly converted to double-precision
                        ptr_[j] = (uint8_t)(((fConversion * histogram[(uint32_t)(ptr[j])])) + 0.5);
..\vjc\ObjDetectorC.c(812): warning:  #177-D: variable "raster2" was declared but never referenced
        uint16_t *raster2 = (uint16_t*)(((uint32_t)(&raster[srcWidth]) + 31) & ~31);
..\vjc\ObjDetectorC.c(874): warning:  #1-D: last line of file ends without a newline
   
..\vjc\ObjDetectorC.c: 29 warnings, 0 errors
linking...
Program Size: Code=307556 RO-data=378248 RW-data=3056 ZI-data=123692  
FromELF: creating hex file...
".\STM324xG-EVAL\STM324xG-EVAL.axf" - 0 Error(s), 37 Warning(s).
